// Jest Snapshot v1, https://goo.gl/fbAQLP

exports[`Question components tests QuestionDetails renders question 1`] = `
<DocumentFragment>
  <div
    class="question-page"
  >
    <div
      class="wide-75 card bg-white"
    >
      <div
        class="question-header"
      >
        <div
          class="row"
        >
          <div
            class="row gap-1 pointer"
          >
            <div
              class="pfp-level"
            >
              <img
                alt=""
                class="pfp pfp-s"
                src="[object Object]"
              />
              <p
                class="level fs-5 text-WHITE"
              >
                0
              </p>
            </div>
            <p
              class="fs-4"
            />
          </div>
        </div>
        <p
          class="fs-1"
        >
          hvilken bokstav kommer etter a i alfabetet
        </p>
        <div
          class="row"
        >
          <p
            class="fs-5"
          >
            Asked Just now
          </p>
          <p
            class="fs-5"
          >
            Modified Just now
          </p>
          <p
            class="fs-5"
          >
            Viewed 2 times
          </p>
          <div
            class="tags"
          >
            <div
              class="tag fs-5"
            >
              alfabet
            </div>
          </div>
        </div>
      </div>
      <p
        class="fs-4 text-body"
      >
        jeg prøver å lære meg en viss sang, men har glemt teksten
      </p>
    </div>
    <div
      class="card bg-white wide-75"
    >
      <p
        class="fs-4"
      >
        0 Comments
      </p>
    </div>
    <div
      class="wide-75"
    />
    <div
      class="wide-75"
    >
      <div
        class="card bg-white row"
      >
        <p>
          2 answers
        </p>
        <button
          class="text-black select-underline"
        >
          Sort by score
        </button>
        <img
          alt="desc"
          class="icon-s pointer"
          src="[object Object]"
        />
        <button
          class="text-black "
        >
          Sort by latest
        </button>
      </div>
    </div>
    <div
      class="wide-75"
    >
      <div
        class="card bg-white wide-100"
      >
        <div
          class="row"
        >
          <div
            class="row gap-1 pointer"
          >
            <div
              class="pfp-level"
            >
              <img
                alt=""
                class="pfp pfp-s"
                src="[object Object]"
              />
              <p
                class="level fs-5 text-WHITE"
              />
            </div>
            <p
              class="fs-4"
            />
          </div>
          <img
            alt="not-accepted"
            class="icon-m vis-hide "
            src="[object Object]"
          />
          <p
            class="fs-5"
          >
            Asked Just now
          </p>
          <p
            class="fs-5"
          >
            Modified Just now
          </p>
        </div>
        <div
          class="row space-between"
        >
          <div
            class="row"
          >
            <div
              class="flex-vert align-center gap-05"
            >
              <p
                class="fs-3 vote-count"
              >
                2
              </p>
            </div>
            <p
              class="text-body"
            >
              l er bokstaven som kommer etter a
            </p>
          </div>
          <div
            class="flex-vert align-start gap-1"
          />
        </div>
        <div />
        <div
          class="row justify-end"
        >
          <a
            class="button bg-light-grey text-black fs-4"
            href="/question/1/answer/1/edit"
          >
            Edit
          </a>
          <button
            class="button bg-light-grey text-black fs-4"
          >
            Delete
          </button>
        </div>
      </div>
    </div>
    <div
      class="wide-75"
    >
      <div
        class="card bg-white wide-100"
      >
        <div
          class="row"
        >
          <div
            class="row gap-1 pointer"
          >
            <div
              class="pfp-level"
            >
              <img
                alt=""
                class="pfp pfp-s"
                src="[object Object]"
              />
              <p
                class="level fs-5 text-WHITE"
              />
            </div>
            <p
              class="fs-4"
            />
          </div>
          <img
            alt="not-favorited"
            class="icon-m pointer"
            src="[object Object]"
          />
          <img
            alt="accepted"
            class="icon-m accepted "
            src="[object Object]"
          />
          <p
            class="fs-5"
          >
            Asked Just now
          </p>
          <p
            class="fs-5"
          >
            Modified Just now
          </p>
        </div>
        <div
          class="row space-between"
        >
          <div
            class="row"
          >
            <div
              class="flex-vert align-center gap-05"
            >
              <img
                alt="upvote"
                class="icon-s pointer"
                src="[object Object]"
              />
              <p
                class="fs-3 vote-count"
              >
                0
              </p>
              <img
                alt="downvote"
                class="icon-s pointer"
                src="[object Object]"
              />
            </div>
            <p
              class="text-body"
            >
              tror b er neste bokstav
            </p>
          </div>
          <div
            class="flex-vert align-start gap-1"
          />
        </div>
        <div />
      </div>
    </div>
  </div>
</DocumentFragment>
`;
