// Jest Snapshot v1, https://goo.gl/fbAQLP

exports[`Question components tests QuestionDetails renders question 1`] = `
<DocumentFragment>
  <div
    class="question-page"
  >
    <div
      class="wide-75 card bg-white"
    >
      <div
        class="question-header"
      >
        <div
          class="row"
        >
          <div
            class="row gap-1 pointer"
          >
            <div
              class="pfp-level"
            >
              <img
                alt=""
                class="pfp pfp-s"
                src="[object Object]"
              />
              <p
                class="level fs-5 text-WHITE"
              />
            </div>
            <p
              class="fs-4"
            />
          </div>
        </div>
        <p
          class="fs-1"
        >
          hvilken bokstav kommer etter a i alfabetet
        </p>
        <div
          class="row"
        >
          <p
            class="fs-5"
          >
            Asked Just now
          </p>
          <p
            class="fs-5"
          >
            Modified Just now
          </p>
          <p
            class="fs-5"
          >
            Viewed 2 times
          </p>
          <div
            class="tags"
          >
            <div
              class="tag fs-5"
            >
              alfabet
            </div>
          </div>
        </div>
      </div>
      <p
        class="fs-4 text-body"
      >
        jeg prøver å lære meg en viss sang, men har glemt teksten
      </p>
    </div>
    <div
      class="card bg-white wide-75"
    >
      <p
        class="fs-4"
      >
        0 Comments
      </p>
    </div>
    <div
      class="wide-75"
    />
    <div
      class="wide-75"
    >
      <div
        class="card bg-white row"
      >
        <p>
          0 answers
        </p>
        <button
          class="text-black select-underline"
        >
          Sort by score
        </button>
        <img
          alt="desc"
          class="icon-s pointer"
          src="[object Object]"
        />
        <button
          class="text-black "
        >
          Sort by latest
        </button>
        <a
          class="button bg-light-grey text-black fs-3"
          href="/question/1/answer/create"
        >
          Post answer
        </a>
        <button
          class="button bg-light-grey text-black fs-3"
        >
          Post comment
        </button>
      </div>
    </div>
  </div>
</DocumentFragment>
`;
